11111111111111111111111111111111111111111111111111111111111111111111111111111111111111111111
1__________________________________________________________________________________________1
1__________________________________________________________________________________________1
1__________________________________________________________________________________________1
1__________________________________________________________________________________________1
1__________________________________________________________________________________________1
1__________________________________________________________________________________________1
1__________________________________________________________________________________________1
1__________P_______________________________________________________________________________1
1______________________________________________________________________________W___________1
11_____11111111111111111111111111__________________________________1111111111111111111111111
2__________________________________________________________________________________________1
2__________________________________________________________________________________________1
2__________________________________________________________________________________________1
2__________________________________________________________________________________________1
2__________________________________________________________________________________________1
2__________________________________________________________________________________________1
2__________________________________________________________________________________________1
2__________________________________________________________________________________________1
2__________________________________________________________________________________________1
1__________________________________________________________________________________________1
1__________________________________________________________________________________________1
1__________________________________________________________________________________________1
1__________________________________________________________________________________________1
1__________________________________________________________________________________________1
1__________________________________________________________________________________________1
1__________________________________________________________________________________________1
1__________________________________________________________________________________________1
1__________________________________________________________________________________________1
1__________________________________________________________________________________________1
1__________________________________________________________________________________________1
1XXXXXXXXXXXXXXXXXXXXXXXXXXXXXXXXXXXXXXXXXXXXXXXXXXXXXXXXXXXXXXXXXXXXXXXXXXXXXXXXXXXXXXXXXX1